sys: 0x1000
bm:2
ROM: usb download handler
usb2d_initialize : enter 
Controller Run
usb rst int
SETUP: 0x80 0x6 0x100 
usb rst int
SETUP: 0x0 0x5 0xd 
SETUP: 0x80 0x6 0x100 
SETUP: 0x80 0x6 0x200 
SETUP: 0x80 0x6 0x200 
SETUP: 0x80 0x6 0x300 
SETUP: 0x80 0x6 0x302 
SETUP: 0x80 0x6 0x301 
SETUP: 0x80 0x6 0x30a 
SETUP: 0x0 0x9 0x1 
usb_rx_bytes : len= 4096 pBuf= 0xc0838720
SETUP: 0x80 0x6 0x302 
SETUP: 0x80 0x6 0x304 
SETUP: 0x80 0x6 0x300 
SETUP: 0x80 0x6 0x301 
SETUP: 0x80 0x6 0x300 
SETUP: 0x80 0x6 0x302 
SETUP: 0x80 0x6 0x300 
SETUP: 0x80 0x6 0x30a 
fastboot_handle_command: max-download-size
usb_tx_bytes : len= 65 pBuf= 0xc083fe88 
usb_rx_bytes : len= 4096 pBuf= 0xc0838720
fastboot_handle_command: 0002ed00
Starting download of 191744 bytes
usb_tx_bytes : len= 65 pBuf= 0xc083fe88 
usb_rx_bytes : len= 191744 pBuf= 0xc0800000
usb_tx_bytes : len= 65 pBuf= 0xc083fe88 
usb_rx_bytes : len= 4096 pBuf= 0xc0838720
fastboot_handle_command: 0002ed00
Starting download of 191744 bytes
usb_tx_bytes : len= 65 pBuf= 0xc083fe88 
usb_rx_bytes : len= 191744 pBuf= 0xc0800000
usb_tx_bytes : len= 65 pBuf= 0xc083fe88 
usb_rx_bytes : len= 4096 pBuf= 0xc0838720
fastboot_handle_command: continue
usb_tx_bytes : len= 65 pBuf= 0xc083fe88 
j...

U-Boot SPL 2022.10spacemit-dirty (Aug 15 2025 - 03:33:48 +0000)
[  58.728] DDR type LPDDR4X
[  58.728] set ddr tx odt to 80ohm!
[  58.750] lpddr4_silicon_init consume 22ms
[  58.751] Change DDR data rate to 2400MT/s
[  59.886] ..............Boot from fit configuration k1-x_deb1
[  59.945] ## Checking hash(es) for config conf_1 ... OK
[  59.950] ## Checking hash(es) for Image uboot ... crc32+ OK
[  59.961] ## Checking hash(es) for Image fdt_1 ... crc32+ OK
[  59.971] 

U-Boot 2022.10spacemit-dirty (Aug 15 2025 - 03:33:48 +0000), Build: jenkins-BSP-build-deb-751

[  59.978] CPU:   rv64imafdcv
[  59.981] Model: spacemit k1-x deb1 board
[  59.985] DRAM:  DDR size = 8192 MB
[  59.988] 8 GiB
[  60.056] reset driver probe start 
[  60.058] reset driver probe finish 
[  60.085] Core:  409 devices, 29 uclasses, devicetree: board
[  60.098] WDT:   Started PMIC_WDT with servicing (60s timeout)
[  60.103] WDT:   Started watchdog@D4080000 with servicing (60s timeout)
[  60.111] MMC:   sdh@d4280000: probe done.
[  60.118] sdh@d4281000: probe done.
[  60.118] sdh@d4280000: 0, sdh@d4281000: 2
[  60.123] Loading Environment from nowhere... OK
[  60.130] Cannot support showing bootlogo in this boot mode!
[  60.133] Unsupported boot mode for splash screen
[  60.138] initialize_console_log_buffer
[  60.141] Have allocated memory for console log buffer
[  60.146] In:    serial
[  60.148] Out:   serial
[  60.151] Err:   serial
[  60.154] Default to 100kHz
[  60.271] Found 2 valid MAC addresses.
[  60.278] Found device 'hdmi@c0400500', disp_uc_priv=000000007dea78c0
[  60.388] HDMI cannot get HPD signal
[  60.388] spacemit_display_init: device 'dpu@c0340000' display won't probe (ret=-1)
[  60.509] HDMI cannot get HPD signal
[  60.509] display devices not found or not probed yet: -1
[  60.514] All buttons probed successfully
[  60.518] k1xci_udc: phy_init 
[  60.523] k1xci_udc probe
[  60.526] k1xci_udc: pullup 1 
[  60.532] -- suspend --
[  60.799] handle setup GET_DESCRIPTOR, 0x80, 0x6 index 0x0 value 0x100 length 0x40
[  60.886] handle setup SET_ADDRESS, 0x0, 0x5 index 0x0 value 0xc length 0x0
[  60.904] handle setup GET_DESCRIPTOR, 0x80, 0x6 index 0x0 value 0x100 length 0x12
[  60.911] handle setup GET_DESCRIPTOR, 0x80, 0x6 index 0x0 value 0x200 length 0x9
[  60.918] handle setup GET_DESCRIPTOR, 0x80, 0x6 index 0x0 value 0x200 length 0x20
[  60.926] handle setup GET_DESCRIPTOR, 0x80, 0x6 index 0x0 value 0x300 length 0xff
[  60.933] handle setup GET_DESCRIPTOR, 0x80, 0x6 index 0x409 value 0x302 length 0xff
[  60.941] handle setup GET_DESCRIPTOR, 0x80, 0x6 index 0x409 value 0x301 length 0xff
[  60.950] handle setup SET_CONFIGURATION, 0x0, 0x9 index 0x0 value 0x1 length 0x0
[  60.957] handle setup GET_DESCRIPTOR, 0x80, 0x6 index 0x409 value 0x302 length 0xff
[  60.967] handle setup GET_DESCRIPTOR, 0x80, 0x6 index 0x409 value 0x303 length 0xff
[  61.001] handle setup GET_DESCRIPTOR, 0x80, 0x6 index 0x0 value 0x300 length 0x4
[  61.008] handle setup GET_DESCRIPTOR, 0x80, 0x6 index 0x409 value 0x301 length 0xff
[  61.015] handle setup GET_DESCRIPTOR, 0x80, 0x6 index 0x0 value 0x300 length 0x4
[  61.023] handle setup GET_DESCRIPTOR, 0x80, 0x6 index 0x409 value 0x302 length 0xff
[  62.576] Couldn't find partition mmc gpt_a
[  62.595] Couldn't find partition mmc gpt
[  62.602] WARNING: unknown variable: is-logical
[  62.606] WARNING: unknown variable: is-logical
[  62.627] Couldn't find partition mmc gpt
[  62.630] WARNING: unknown variable: is-logical
[  62.634] Starting download of 1210 bytes
[  62.638] 
[  62.640] downloading/uploading of 1210 bytes finished
[  62.646] init fdev success
[  62.648] bootinfo would not add as partition
[  62.652] Part info: fsbl, factory/FSBL.bin
[  62.656] Part info: env, env.bin
[  62.659] Part info: opensbi, fw_dynamic.itb
[  62.663] Part info: uboot, u-boot.itb
[  62.667] Part info: bootfs, bootfs.ext4
[  62.671] Part info: rootfs, rootfs.ext4
[  62.675] Writing GPT: success!
[  62.694] parse gpt/mtd table okay........ wrote 0x20 sector bytes to blk offset 0x300
[  62.923] Couldn't find partition mmc bootinfo_a
[  62.943] Couldn't find partition mmc bootinfo
[  62.947] WARNING: unknown variable: is-logical
[  62.951] WARNING: unknown variable: is-logical
[  62.971] Couldn't find partition mmc bootinfo
[  62.975] WARNING: unknown variable: is-logical
[  62.979] Starting download of 80 bytes
[  62.983] 
[  62.985] downloading/uploading of 80 bytes finished
[  62.989] flash bootinfo
[  62.991] bootinfo:0000000008000000, boot_info->crc32:dd152f83, sizeof(boot_info):8, download_buffer:0000000008000000
[  63.004] flash_mmc_boot_op, 0000000008000000
[  63.012] ........ wrote 512 bytes to EMMC_BOOT1
[  63.038] Couldn't find partition mmc fsbl_a
[  63.044] WARNING: unknown variable: is-logical
[  63.048] WARNING: unknown variable: is-logical
[  63.055] Starting download of 191744 bytes
[  63.062] .
[  63.067] downloading/uploading of 191744 bytes finished
[  63.074] flash_mmc_boot_op, 0000000008000000
[  63.082] ........ wrote 192000 bytes to EMMC_BOOT1
[  63.113] Couldn't find partition mmc env_a
[  63.123] WARNING: unknown variable: is-logical
[  63.127] WARNING: unknown variable: is-logical
[  63.136] Starting download of 16384 bytes
[  63.140] 
[  63.142] downloading/uploading of 16384 bytes finished
[  63.151] is not gzipped data
[  63.153] Flashing Raw Image
[  63.161] ........ wrote 16384 bytes to 'env'
[  63.167] write_raw_image end
[  63.172] download and flash div 0
[  63.180] get calculate value:e9cd97b408b47908, compare calculate:e9cd97b408b47908
[  63.189] compare over, use time:17 ms
[  63.408] Couldn't find partition mmc opensbi_a
[  63.422] WARNING: unknown variable: is-logical
[  63.428] WARNING: unknown variable: is-logical
[  63.442] Starting download of 136583 bytes
[  63.453] .
[  63.460] downloading/uploading of 136583 bytes finished
[  63.474] is not gzipped data
[  63.479] Flashing Raw Image
[  63.487] ........ wrote 136704 bytes to 'opensbi'
[  63.494] write_raw_image end
[  63.499] download and flash div 0
[  63.507] get calculate value:a3a0299439956e7, compare calculate:a3a0299439956e7
[  63.516] compare over, use time:17 ms
[  63.542] Couldn't find partition mmc uboot_a
[  63.557] WARNING: unknown variable: is-logical
[  63.564] WARNING: unknown variable: is-logical
[  63.587] Starting download of 1957082 bytes
[  63.599] ..............
[  63.677] downloading/uploading of 1957082 bytes finished
[  63.694] is not gzipped data
[  63.699] Flashing Raw Image
[  63.730] ........ wrote 1957376 bytes to 'uboot'
[  63.737] write_raw_image end
[  63.742] download and flash div 0
[  63.757] get calculate value:429c032969df2583, compare calculate:429c032969df2583
[  63.766] compare over, use time:24 ms
[  63.981] Couldn't find partition mmc bootfs_a
[  64.000] WARNING: unknown variable: is-logical
[  64.006] WARNING: unknown variable: is-logical
[  64.024] Starting download of 268435456 bytes
[  64.035] ..........................................................................
[  64.433] ..........................................................................
[  64.827] ..........................................................................
[  65.227] ..........................................................................
[  65.623] ..........................................................................
[  66.020] ..........................................................................
[  66.420] ..........................................................................
[  66.818] ..........................................................................
[  67.220] ..........................................................................
[  67.614] ..........................................................................
[  68.008] ..........................................................................
[  68.406] ..........................................................................
[  68.800] ..........................................................................
[  69.199] ..........................................................................
[  69.593] ..........................................................................
[  69.987] ..........................................................................
[  70.386] ..........................................................................
[  70.780] ..........................................................................
[  71.179] ..........................................................................
[  71.572] ..........................................................................
[  71.967] ..........................................................................
[  72.365] ..........................................................................
[  72.760] ..........................................................................
[  73.157] ..........................................................................
[  73.552] ..........................................................................
[  73.946] ..........................................................................
[  74.344] ..........................................................................
[  74.738] ..................................................
[  75.002] downloading/uploading of 268435456 bytes finished
[  75.021] is not gzipped data
[  75.026] Flashing Raw Image
[  78.084] ........ wrote 268435456 bytes to 'bootfs'
[  78.090] write_raw_image end
[  78.141] download and flash div 0
[  79.089] get calculate value:c36113f8f2cbc308, compare calculate:c36113f8f2cbc308
[  79.098] compare over, use time:957 ms
[  79.711] Couldn't find partition mmc rootfs_a
[  79.736] WARNING: unknown variable: is-logical
[  79.742] WARNING: unknown variable: is-logical
[  98.403] Starting download of 268431860 bytes
[  98.419] ..........................................................................
[  98.813] ..........................................................................
[  99.212] ..........................................................................
[  99.606] ..........................................................................
[ 100.000] ..........................................................................
[ 100.400] ..........................................................................
[ 100.794] ..........................................................................
[ 101.193] ..........................................................................
[ 101.588] ..........................................................................
[ 101.993] ..........................................................................
[ 102.394] ..........................................................................
[ 102.789] ..........................................................................
[ 103.187] ..........................................................................
[ 103.584] ..........................................................................
[ 103.983] ..........................................................................
[ 104.383] ..........................................................................
[ 104.779] ..........................................................................
[ 105.180] ..........................................................................
[ 105.577] ..........................................................................
[ 105.974] ..........................................................................
[ 106.375] ..........................................................................
[ 106.771] ..........................................................................
[ 107.172] ..........................................................................
[ 107.586] ..........................................................................
[ 107.983] ..........................................................................
[ 108.385] ..........................................................................
[ 108.781] ..........................................................................
[ 109.183] .................................................
[ 109.455] downloading/uploading of 268431860 bytes finished
[ 109.476] is not gzipped data
[ 109.481] Flashing sparse image at offset 532480
Flashing Sparse Image
[ 112.864] ........ wrote 273035264 bytes to 'rootfs'
[ 112.871] Starting download of 243229144 bytes
[ 112.888] ..........................................................................
[ 113.289] ..........................................................................
[ 113.687] ..........................................................................
[ 114.083] ..........................................................................
[ 114.492] ..........................................................................
[ 114.887] ..........................................................................
[ 115.287] ..........................................................................
[ 115.686] ..........................................................................
[ 116.082] ..........................................................................
[ 116.482] ..........................................................................
[ 116.877] ..........................................................................
[ 117.276] ..........................................................................
[ 117.671] ..........................................................................
[ 118.067] ..........................................................................
[ 118.482] ..........................................................................
[ 118.878] ..........................................................................
[ 119.280] ..........................................................................
[ 119.677] ..........................................................................
[ 120.074] ..........................................................................
[ 120.474] ..........................................................................
[ 120.871] ..........................................................................
[ 121.271] ..........................................................................
[ 121.667] ..........................................................................
[ 122.063] ..........................................................................
[ 122.463] ..........................................................................
[ 122.861] .....
[ 122.891] downloading/uploading of 243229144 bytes finished
[ 122.915] is not gzipped data
[ 122.920] Flashing sparse image at offset 532480
Flashing Sparse Image
[ 126.003] ........ wrote 247595008 bytes to 'rootfs'
[ 126.015] Starting download of 268431508 bytes
[ 126.033] ..........................................................................
[ 126.433] ..........................................................................
[ 126.829] ..........................................................................
[ 127.229] ..........................................................................
[ 127.625] ..........................................................................
[ 128.021] ..........................................................................
[ 128.419] ..........................................................................
[ 128.814] ..........................................................................
[ 129.215] ..........................................................................
[ 129.611] ..........................................................................
[ 130.005] ..........................................................................
[ 130.404] ..........................................................................
[ 130.801] ..........................................................................
[ 131.201] ..........................................................................
[ 131.597] ..........................................................................
[ 131.993] ..........................................................................
[ 132.405] ..........................................................................
[ 132.801] ..........................................................................
[ 133.201] ..........................................................................
[ 133.599] ..........................................................................
[ 133.993] ..........................................................................
[ 134.395] ..........................................................................
[ 134.789] ..........................................................................
[ 135.192] ..........................................................................
[ 135.591] ..........................................................................
[ 135.989] ..........................................................................
[ 136.390] ..........................................................................
[ 136.788] .................................................
[ 137.055] downloading/uploading of 268431508 bytes finished
[ 137.079] is not gzipped data
[ 137.083] Flashing sparse image at offset 532480
Flashing Sparse Image
[ 140.362] ........ wrote 272715776 bytes to 'rootfs'
[ 140.369] Starting download of 268431620 bytes
[ 140.383] ..........................................................................
[ 140.780] ..........................................................................
[ 141.179] ..........................................................................
[ 141.576] ..........................................................................
[ 141.975] ..........................................................................
[ 142.378] ..........................................................................
[ 142.775] ..........................................................................
[ 143.176] ..........................................................................
[ 143.572] ..........................................................................
[ 143.970] ..........................................................................
[ 144.373] ..........................................................................
[ 144.769] ..........................................................................
[ 145.171] ..........................................................................
[ 145.566] ..........................................................................
[ 145.961] ..........................................................................
[ 146.359] ..........................................................................
[ 146.757] ..........................................................................
[ 147.155] ..........................................................................
[ 147.549] ..........................................................................
[ 147.943] ..........................................................................
[ 148.344] ..........................................................................
[ 148.742] ..........................................................................
[ 149.139] ..........................................................................
[ 149.537] ..........................................................................
[ 149.932] ..........................................................................
[ 150.332] ..........................................................................
[ 150.728] ..........................................................................
[ 151.124] .................................................
[ 151.396] downloading/uploading of 268431620 bytes finished
[ 151.420] is not gzipped data
[ 151.425] Flashing sparse image at offset 532480
Flashing Sparse Image
[ 154.736] ........ wrote 272723968 bytes to 'rootfs'
[ 154.743] Starting download of 268431452 bytes
[ 154.761] ..........................................................................
[ 155.160] ..........................................................................
[ 155.555] ..........................................................................
[ 155.950] ..........................................................................
[ 156.349] ..........................................................................
[ 156.743] ..........................................................................
[ 157.138] ..........................................................................
[ 157.537] ..........................................................................
[ 157.931] ..........................................................................
[ 158.330] ..........................................................................
[ 158.725] ..........................................................................
[ 159.122] ..........................................................................
[ 159.520] ..........................................................................
[ 159.915] ..........................................................................
[ 160.313] ..........................................................................
[ 160.713] ..........................................................................
[ 161.107] ..........................................................................
[ 161.506] ..........................................................................
[ 161.900] ..........................................................................
[ 162.299] ..........................................................................
[ 162.693] ..........................................................................
[ 163.088] ..........................................................................
[ 163.487] ..........................................................................
[ 163.881] ..........................................................................
[ 164.279] ..........................................................................
[ 164.674] ..........................................................................
[ 165.068] ..........................................................................
[ 165.467] .................................................
[ 165.734] downloading/uploading of 268431452 bytes finished
[ 165.758] is not gzipped data
[ 165.763] Flashing sparse image at offset 532480
Flashing Sparse Image
[ 169.051] ........ wrote 272621568 bytes to 'rootfs'
[ 169.058] Starting download of 268431508 bytes
[ 169.072] ..........................................................................
[ 169.471] ..........................................................................
[ 169.865] ..........................................................................
[ 170.263] ..........................................................................
[ 170.658] ..........................................................................
[ 171.052] ..........................................................................
[ 171.451] ..........................................................................
[ 171.846] ..........................................................................
[ 172.244] ..........................................................................
[ 172.640] ..........................................................................
[ 173.034] ..........................................................................
[ 173.434] ..........................................................................
[ 173.830] ..........................................................................
[ 174.230] ..........................................................................
[ 174.626] ..........................................................................
[ 175.022] ..........................................................................
[ 175.421] ..........................................................................
[ 175.815] ..........................................................................
[ 176.227] ..........................................................................
[ 176.622] ..........................................................................
[ 177.017] ..........................................................................
[ 177.417] ..........................................................................
[ 177.813] ..........................................................................
[ 178.214] ..........................................................................
[ 178.611] ..........................................................................
[ 179.005] ..........................................................................
[ 179.404] ..........................................................................
[ 179.800] .................................................
[ 180.067] downloading/uploading of 268431508 bytes finished
[ 180.091] is not gzipped data
[ 180.096] Flashing sparse image at offset 532480
Flashing Sparse Image
[ 183.361] ........ wrote 268443648 bytes to 'rootfs'
[ 183.368] Starting download of 250307256 bytes
[ 183.382] ..........................................................................
[ 183.778] ..........................................................................
[ 184.177] ..........................................................................
[ 184.573] ..........................................................................
[ 184.969] ..........................................................................
[ 185.369] ..........................................................................
[ 185.765] ..........................................................................
[ 186.165] ..........................................................................
[ 186.563] ..........................................................................
[ 186.960] ..........................................................................
[ 187.360] ..........................................................................
[ 187.755] ..........................................................................
[ 188.163] ..........................................................................
[ 188.559] ..........................................................................
[ 188.956] ..........................................................................
[ 189.356] ..........................................................................
[ 189.753] ..........................................................................
[ 190.149] ..........................................................................
[ 190.549] ..........................................................................
[ 190.945] ..........................................................................
[ 191.346] ..........................................................................
[ 191.743] ..........................................................................
[ 192.139] ..........................................................................
[ 192.545] ..........................................................................
[ 192.940] ..........................................................................
[ 193.340] ...........................................................
[ 193.658] downloading/uploading of 250307256 bytes finished
[ 193.682] is not gzipped data
[ 193.687] Flashing sparse image at offset 532480
Flashing Sparse Image
[ 196.912] ........ wrote 250634240 bytes to 'rootfs'
[ 196.920] Starting download of 246030640 bytes
[ 196.934] ..........................................................................
[ 197.334] ..........................................................................
[ 197.730] ..........................................................................
[ 198.125] ..........................................................................
[ 198.523] ..........................................................................
[ 198.918] ..........................................................................
[ 199.332] ..........................................................................
[ 199.728] ..........................................................................
[ 200.124] ..........................................................................
[ 200.524] ..........................................................................
[ 200.920] ..........................................................................
[ 201.322] ..........................................................................
[ 201.717] ..........................................................................
[ 202.113] ..........................................................................
[ 202.519] ..........................................................................
[ 202.918] ..........................................................................
[ 203.320] ..........................................................................
[ 203.715] ..........................................................................
[ 204.110] ..........................................................................
[ 204.509] ..........................................................................
[ 204.903] ..........................................................................
[ 205.303] ..........................................................................
[ 205.698] ..........................................................................
[ 206.094] ..........................................................................
[ 206.504] ..........................................................................
[ 206.901] ...........................
[ 207.047] downloading/uploading of 246030640 bytes finished
[ 207.072] is not gzipped data
[ 207.077] Flashing sparse image at offset 532480
Flashing Sparse Image
[ 210.094] ........ wrote 246108160 bytes to 'rootfs'
[ 210.104] Starting download of 263307820 bytes
[ 210.118] ..........................................................................
[ 210.518] ..........................................................................
[ 210.913] ..........................................................................
[ 211.316] ..........................................................................
[ 211.713] ..........................................................................
[ 212.109] ..........................................................................
[ 212.508] ..........................................................................
[ 212.902] ..........................................................................
[ 213.301] ..........................................................................
[ 213.698] ..........................................................................
[ 214.094] ..........................................................................
[ 214.494] ..........................................................................
[ 214.889] ..........................................................................
[ 215.294] ..........................................................................
[ 215.691] ..........................................................................
[ 216.088] ..........................................................................
[ 216.488] ..........................................................................
[ 216.884] ..........................................................................
[ 217.284] ..........................................................................
[ 217.680] ..........................................................................
[ 218.083] ..........................................................................
[ 218.485] ..........................................................................
[ 218.883] ..........................................................................
[ 219.283] ..........................................................................
[ 219.678] ..........................................................................
[ 220.073] ..........................................................................
[ 220.473] ..........................................................................
[ 220.869] ..........
[ 220.929] downloading/uploading of 263307820 bytes finished
[ 220.953] is not gzipped data
[ 220.958] Flashing sparse image at offset 532480
Flashing Sparse Image
[ 224.285] ........ wrote 263593984 bytes to 'rootfs'
[ 224.293] Starting download of 268431900 bytes
[ 224.307] ..........................................................................
[ 224.703] ..........................................................................
[ 225.102] ..........................................................................
[ 225.502] ..........................................................................
[ 225.900] ..........................................................................
[ 226.300] ..........................................................................
[ 226.695] ..........................................................................
[ 227.091] ..........................................................................
[ 227.490] ..........................................................................
[ 227.884] ..........................................................................
[ 228.283] ..........................................................................
[ 228.684] ..........................................................................
[ 229.080] ..........................................................................
[ 229.479] ..........................................................................
[ 229.877] ..........................................................................
[ 230.277] ..........................................................................
[ 230.674] ..........................................................................
[ 231.070] ..........................................................................
[ 231.470] ..........................................................................
[ 231.867] ..........................................................................
[ 232.266] ..........................................................................
[ 232.662] ..........................................................................
[ 233.062] ..........................................................................
[ 233.462] ..........................................................................
[ 233.857] ..........................................................................
[ 234.256] ..........................................................................
[ 234.651] ..........................................................................
[ 235.046] .................................................
[ 235.318] downloading/uploading of 268431900 bytes finished
[ 235.342] is not gzipped data
[ 235.347] Flashing sparse image at offset 532480
Flashing Sparse Image
[ 238.750] ........ wrote 268587008 bytes to 'rootfs'
[ 238.757] Starting download of 268431732 bytes
[ 238.768] ..........................................................................
[ 239.168] ..........................................................................
[ 239.563] ..........................................................................
[ 239.959] ..........................................................................
[ 240.359] ..........................................................................
[ 240.756] ..........................................................................
[ 241.152] ..........................................................................
[ 241.552] ..........................................................................
[ 241.949] ..........................................................................
[ 242.348] ..........................................................................
[ 242.744] ..........................................................................
[ 243.138] ..........................................................................
[ 243.536] ..........................................................................
[ 243.931] ..........................................................................
[ 244.331] ..........................................................................
[ 244.728] ..........................................................................
[ 245.124] ..........................................................................
[ 245.527] ..........................................................................
[ 245.922] ..........................................................................
[ 246.322] ..........................................................................
[ 246.730] ..........................................................................
[ 247.125] ..........................................................................
[ 247.526] ..........................................................................
[ 247.921] ..........................................................................
[ 248.321] ..........................................................................
[ 248.716] ..........................................................................
[ 249.111] ..........................................................................
[ 249.512] .................................................
[ 249.779] downloading/uploading of 268431732 bytes finished
[ 249.803] is not gzipped data
[ 249.808] Flashing sparse image at offset 532480
Flashing Sparse Image
[ 253.115] ........ wrote 268587008 bytes to 'rootfs'
[ 253.123] Starting download of 268431424 bytes
[ 253.137] ..........................................................................
[ 253.535] ..........................................................................
[ 253.929] ..........................................................................
[ 254.328] ..........................................................................
[ 254.724] ..........................................................................
[ 255.120] ..........................................................................
[ 255.519] ..........................................................................
[ 255.914] ..........................................................................
[ 256.313] ..........................................................................
[ 256.708] ..........................................................................
[ 257.104] ..........................................................................
[ 257.503] ..........................................................................
[ 257.898] ..........................................................................
[ 258.298] ..........................................................................
[ 258.693] ..........................................................................
[ 259.088] ..........................................................................
[ 259.489] ..........................................................................
[ 259.884] ..........................................................................
[ 260.286] ..........................................................................
[ 260.688] ..........................................................................
[ 261.090] ..........................................................................
[ 261.497] ..........................................................................
[ 261.898] ..........................................................................
[ 262.301] ..........................................................................
[ 262.699] ..........................................................................
[ 263.098] ..........................................................................
[ 263.499] ..........................................................................
[ 263.898] .................................................
[ 264.171] downloading/uploading of 268431424 bytes finished
[ 264.195] is not gzipped data
[ 264.199] Flashing sparse image at offset 532480
Flashing Sparse Image
[ 267.436] ........ wrote 268431360 bytes to 'rootfs'
[ 267.444] Starting download of 268431480 bytes
[ 267.458] ..........................................................................
[ 267.855] ..........................................................................
[ 268.257] ..........................................................................
[ 268.655] ..........................................................................
[ 269.052] ..........................................................................
[ 269.455] ..........................................................................
[ 269.852] ..........................................................................
[ 270.253] ..........................................................................
[ 270.650] ..........................................................................
[ 271.048] ..........................................................................
[ 271.448] ..........................................................................
[ 271.843] ..........................................................................
[ 272.243] ..........................................................................
[ 272.638] ..........................................................................
[ 273.032] ..........................................................................
[ 273.431] ..........................................................................
[ 273.825] ..........................................................................
[ 274.226] ..........................................................................
[ 274.622] ..........................................................................
[ 275.025] ..........................................................................
[ 275.425] ..........................................................................
[ 275.819] ..........................................................................
[ 276.218] ..........................................................................
[ 276.613] ..........................................................................
[ 277.008] ..........................................................................
[ 277.408] ..........................................................................
[ 277.802] ..........................................................................
[ 278.202] .................................................
[ 278.467] downloading/uploading of 268431480 bytes finished
[ 278.491] is not gzipped data
[ 278.496] Flashing sparse image at offset 532480
Flashing Sparse Image
[ 281.775] ........ wrote 272625664 bytes to 'rootfs'
[ 281.782] Starting download of 268431452 bytes
[ 281.800] ..........................................................................
[ 282.206] ..........................................................................
[ 282.606] ..........................................................................
[ 283.009] ..........................................................................
[ 283.410] ..........................................................................
[ 283.806] ..........................................................................
[ 284.205] ..........................................................................
[ 284.600] ..........................................................................
[ 284.995] ..........................................................................
[ 285.393] ..........................................................................
[ 285.788] ..........................................................................
[ 286.186] ..........................................................................
[ 286.582] ..........................................................................
[ 286.976] ..........................................................................
[ 287.374] ..........................................................................
[ 287.769] ..........................................................................
[ 288.167] ..........................................................................
[ 288.562] ..........................................................................
[ 288.956] ..........................................................................
[ 289.360] ..........................................................................
[ 289.754] ..........................................................................
[ 290.149] ..........................................................................
[ 290.547] ..........................................................................
[ 290.942] ..........................................................................
[ 291.340] ..........................................................................
[ 291.734] ..........................................................................
[ 292.129] ..........................................................................
[ 292.527] .................................................
[ 292.794] downloading/uploading of 268431452 bytes finished
[ 292.818] is not gzipped data
[ 292.823] Flashing sparse image at offset 532480
Flashing Sparse Image
[ 296.093] ........ wrote 272621568 bytes to 'rootfs'
[ 296.100] Starting download of 268431424 bytes
[ 296.114] ..........................................................................
[ 296.512] ..........................................................................
[ 296.906] ..........................................................................
[ 297.305] ..........................................................................
[ 297.699] ..........................................................................
[ 298.093] ..........................................................................
[ 298.492] ..........................................................................
[ 298.886] ..........................................................................
[ 299.285] ..........................................................................
[ 299.680] ..........................................................................
[ 300.074] ..........................................................................
[ 300.473] ..........................................................................
[ 300.867] ..........................................................................
[ 301.266] ..........................................................................
[ 301.663] ..........................................................................
[ 302.066] ..........................................................................
[ 302.465] ..........................................................................
[ 302.859] ..........................................................................
[ 303.258] ..........................................................................
[ 303.652] ..........................................................................
[ 304.047] ..........................................................................
[ 304.447] ..........................................................................
[ 304.842] ..........................................................................
[ 305.242] ..........................................................................
[ 305.639] ..........................................................................
[ 306.036] ..........................................................................
[ 306.435] ..........................................................................
[ 306.830] .................................................
[ 307.099] downloading/uploading of 268431424 bytes finished
[ 307.125] is not gzipped data
[ 307.130] Flashing sparse image at offset 532480
Flashing Sparse Image
[ 310.371] ........ wrote 268431360 bytes to 'rootfs'
[ 310.380] Starting download of 268431424 bytes
[ 310.395] ..........................................................................
[ 310.789] ..........................................................................
[ 311.190] ..........................................................................
[ 311.587] ..........................................................................
[ 311.981] ..........................................................................
[ 312.380] ..........................................................................
[ 312.774] ..........................................................................
[ 313.173] ..........................................................................
[ 313.567] ..........................................................................
[ 313.961] ..........................................................................
[ 314.360] ..........................................................................
[ 314.755] ..........................................................................
[ 315.149] ..........................................................................
[ 315.548] ..........................................................................
[ 315.942] ..........................................................................
[ 316.341] ..........................................................................
[ 316.736] ..........................................................................
[ 317.131] ..........................................................................
[ 317.529] ..........................................................................
[ 317.924] ..........................................................................
[ 318.322] ..........................................................................
[ 318.717] ..........................................................................
[ 319.111] ..........................................................................
[ 319.510] ..........................................................................
[ 319.906] ..........................................................................
[ 320.308] ..........................................................................
[ 320.703] ..........................................................................
[ 321.097] .................................................
[ 321.372] downloading/uploading of 268431424 bytes finished
[ 321.396] is not gzipped data
[ 321.401] Flashing sparse image at offset 532480
Flashing Sparse Image
[ 324.634] ........ wrote 268431360 bytes to 'rootfs'
[ 324.641] Starting download of 268431580 bytes
[ 324.655] ..........................................................................
[ 325.050] ..........................................................................
[ 325.448] ..........................................................................
[ 325.842] ..........................................................................
[ 326.241] ..........................................................................
[ 326.637] ..........................................................................
[ 327.033] ..........................................................................
[ 327.431] ..........................................................................
[ 327.826] ..........................................................................
[ 328.225] ..........................................................................
[ 328.619] ..........................................................................
[ 329.014] ..........................................................................
[ 329.412] ..........................................................................
[ 329.807] ..........................................................................
[ 330.205] ..........................................................................
[ 330.600] ..........................................................................
[ 330.997] ..........................................................................
[ 331.396] ..........................................................................
[ 331.790] ..........................................................................
[ 332.189] ..........................................................................
[ 332.584] ..........................................................................
[ 332.978] ..........................................................................
[ 333.377] ..........................................................................
[ 333.771] ..........................................................................
[ 334.165] ..........................................................................
[ 334.564] ..........................................................................
[ 334.959] ..........................................................................
[ 335.357] .................................................
[ 335.623] downloading/uploading of 268431580 bytes finished
[ 335.647] is not gzipped data
[ 335.652] Flashing sparse image at offset 532480
Flashing Sparse Image
[ 339.633] ........ wrote 357085184 bytes to 'rootfs'
[ 339.642] Starting download of 268431452 bytes
[ 339.656] ..........................................................................
[ 340.050] ..........................................................................
[ 340.448] ..........................................................................
[ 340.844] ..........................................................................
[ 341.242] ..........................................................................
[ 341.637] ..........................................................................
[ 342.031] ..........................................................................
[ 342.430] ..........................................................................
[ 342.825] ..........................................................................
[ 343.224] ..........................................................................
[ 343.618] ..........................................................................
[ 344.015] ..........................................................................
[ 344.416] ..........................................................................
[ 344.813] ..........................................................................
[ 345.213] ..........................................................................
[ 345.608] ..........................................................................
[ 346.015] ..........................................................................
[ 346.417] ..........................................................................
[ 346.813] ..........................................................................
[ 347.213] ..........................................................................
[ 347.610] ..........................................................................
[ 348.005] ..........................................................................
[ 348.405] ..........................................................................
[ 348.800] ..........................................................................
[ 349.198] ..........................................................................
[ 349.592] ..........................................................................
[ 349.987] ..........................................................................
[ 350.385] .................................................
[ 350.652] downloading/uploading of 268431452 bytes finished
[ 350.676] is not gzipped data
[ 350.681] Flashing sparse image at offset 532480
Flashing Sparse Image
[ 353.931] ........ wrote 268435456 bytes to 'rootfs'
[ 353.938] Starting download of 268431424 bytes
[ 353.954] ..........................................................................
[ 354.354] ..........................................................................
[ 354.748] ..........................................................................
[ 355.143] ..........................................................................
[ 355.543] ..........................................................................
[ 355.939] ..........................................................................
[ 356.338] ..........................................................................
[ 356.734] ..........................................................................
[ 357.130] ..........................................................................
[ 357.530] ..........................................................................
[ 357.925] ..........................................................................
[ 358.324] ..........................................................................
[ 358.718] ..........................................................................
[ 359.113] ..........................................................................
[ 359.512] ..........................................................................
[ 359.908] ..........................................................................
[ 360.309] ..........................................................................
[ 360.710] ..........................................................................
[ 361.106] ..........................................................................
[ 361.506] ..........................................................................
[ 361.902] ..........................................................................
[ 362.302] ..........................................................................
[ 362.701] ..........................................................................
[ 363.095] ..........................................................................
[ 363.493] ..........................................................................
[ 363.888] ..........................................................................
[ 364.287] ..........................................................................
[ 364.681] .................................................
[ 364.951] downloading/uploading of 268431424 bytes finished
[ 364.975] is not gzipped data
[ 364.980] Flashing sparse image at offset 532480
Flashing Sparse Image
[ 368.242] ........ wrote 268431360 bytes to 'rootfs'
[ 368.249] Starting download of 268431424 bytes
[ 368.263] ..........................................................................
[ 368.658] ..........................................................................
[ 369.053] ..........................................................................
[ 369.451] ..........................................................................
[ 369.845] ..........................................................................
[ 370.243] ..........................................................................
[ 370.638] ..........................................................................
[ 371.032] ..........................................................................
[ 371.431] ..........................................................................
[ 371.826] ..........................................................................
[ 372.224] ..........................................................................
[ 372.618] ..........................................................................
[ 373.013] ..........................................................................
[ 373.411] ..........................................................................
[ 373.806] ..........................................................................
[ 374.205] ..........................................................................
[ 374.599] ..........................................................................
[ 374.994] ..........................................................................
[ 375.392] ..........................................................................
[ 375.786] ..........................................................................
[ 376.185] ..........................................................................
[ 376.580] ..........................................................................
[ 376.974] ..........................................................................
[ 377.373] ..........................................................................
[ 377.767] ..........................................................................
[ 378.162] ..........................................................................
[ 378.561] ..........................................................................
[ 378.955] .................................................
[ 379.231] downloading/uploading of 268431424 bytes finished
[ 379.255] is not gzipped data
[ 379.260] Flashing sparse image at offset 532480
Flashing Sparse Image
[ 382.527] ........ wrote 268431360 bytes to 'rootfs'
[ 382.534] Starting download of 19353724 bytes
[ 382.547] ..........................................................................
[ 382.942] .........................................................................
[ 383.336] downloading/uploading of 19353724 bytes finished
[ 383.361] is not gzipped data
[ 383.366] Flashing sparse image at offset 532480
Flashing Sparse Image
[ 408.716] ........ wrote 3172364288 bytes to 'rootfs'
[ 409.319] resetting ...
sys: 0x0
try sd...
bm:3
ERROR:   CMD8
ERROR:   sd f! l:76
bm:0
j...

U-Boot SPL 2022.10spacemit-dirty (Aug 15 2025 - 03:33:48 +0000)
[   0.216] DDR type LPDDR4X
[   0.216] set ddr tx odt to 80ohm!
[   0.237] lpddr4_silicon_init consume 21ms
[   0.238] Change DDR data rate to 2400MT/s
[   0.344] Boot from fit configuration k1-x_deb1
[   0.345] ## Checking hash(es) for config conf_1 ... OK
[   0.350] ## Checking hash(es) for Image uboot ... crc32+ OK
[   0.362] ## Checking hash(es) for Image fdt_1 ... crc32+ OK
[   0.383] ## Checking hash(es) for config config_1 ... OK
[   0.386] ## Checking hash(es) for Image opensbi ... crc32+ OK
[   0.425] 

U-Boot 2022.10spacemit-dirty (Aug 15 2025 - 03:33:48 +0000), Build: jenkins-BSP-build-deb-751

[   0.432] CPU:   rv64imafdcv
[   0.435] Model: spacemit k1-x deb1 board
[   0.439] DRAM:  DDR size = 8192 MB
[   0.442] 8 GiB
[   0.513] reset driver probe start 
[   0.515] reset driver probe finish 
[   0.543] Core:  409 devices, 29 uclasses, devicetree: board
[   0.556] WDT:   Started PMIC_WDT with servicing (60s timeout)
[   0.561] WDT:   Started watchdog@D4080000 with servicing (60s timeout)
[   0.569] MMC:   sdh@d4280000: probe done.
[   0.577] sdh@d4281000: probe done.
[   0.577] sdh@d4280000: 0, sdh@d4281000: 2
[   0.581] Loading Environment from MMC... OK
[   0.869] Found device 'hdmi@c0400500', disp_uc_priv=000000007dea78c0
[   0.980] HDMI cannot get HPD signal
[   0.980] spacemit_display_init: device 'dpu@c0340000' display won't probe (ret=-1)
[   0.998] initialize_console_log_buffer
[   0.999] Have allocated memory for console log buffer
[   1.004] In:    serial
[   1.006] Out:   serial
[   1.009] Err:   serial
[   1.012] Default to 100kHz
[   1.129] Found 2 valid MAC addresses.
[   1.234] HDMI cannot get HPD signal
[   1.234] display devices not found or not probed yet: -1
[   1.239] All buttons probed successfully
[   1.244] Read PMIC reg ab value f4
[   1.247] Failed to get fastboot key config: -19
[   1.251] MMC: no card present
[   1.254] mmc_init: -123, time 3
[   1.257] Net flash mode not enabled
[   1.260] Failed to probe HUSB239: -19
[   1.264] Continue to boot
[   1.304] 79 bytes read in 4 ms (18.6 KiB/s)
[   1.305] ## Info: input data size = 80 = 0x50
[   1.309] load env_k1-x.txt from bootfs successful
[   1.314] Net:   RGMII interface
[   1.317] eth0: ethernet@cac80000
[   1.322] Autoboot in 0 seconds
[   1.333] Try to boot from mmc2 ...
[   1.393] product_name: k1-x_deb1
[   1.393] match dtb by product_name: spacemit/6.6.63/k1-x_deb1.dtb
[   1.399] select spacemit/6.6.63/k1-x_deb1.dtb to load
[   1.404] Loading kernel...
[   1.559] 34631680 bytes read in 131 ms (252.1 MiB/s)
[   1.561] Loading dtb...
[   1.591] 88384 bytes read in 11 ms (7.7 MiB/s)
[   1.592] Loading ramdisk ...
[   1.677] 20500274 bytes read in 71 ms (275.4 MiB/s)
No FDT memory address configured. Please configure
the FDT address via "fdt addr <address>" command.
Aborting!
[   1.699] Moving Image from 0x8000000 to 0x600000, end=279b000
[   1.719] ## Flattened Device Tree blob at 31000000
[   1.721]    Booting using the fdt blob at 0x31000000
[   1.726]    Loading Ramdisk to 7c9f1000, end 7dd7df32 ... OK
[   1.746]    Loading Device Tree to 000000007c9d8000, end 000000007c9f093f ... OK

Starting kernel ...

[    0.000000] Linux version 6.6.63 (root@bianbu-25.04-build-bsp-c48h8-pxdsc) (gcc (Ubuntu 14.2.0-19ubuntu2bb1) 14.2.0, GNU ld (GNU Binutils for Ubuntu) 2.44) #2.2.7.3 SMP PREEMPT Fri Aug 15 06:14:36 UTC 2025
[    0.000000] Machine model: spacemit k1-x deb1 board
[    0.000000] SBI specification v1.0 detected
[    0.000000] SBI implementation ID=0x1 Version=0x10003
[    0.000000] SBI IPI extension detected
[    0.000000] SBI RFENCE extension detected
[    0.000000] earlycon: sbi0 at I/O port 0x0 (options '')
[    0.000000] printk: bootconsole [sbi0] enabled
[    0.000000] efi: UEFI not found.
[    0.000000] Reserved memory: created CMA memory pool at 0x0000000058000000, size 384 MiB
[    0.000000] OF: reserved mem: initialized node linux,cma, compatible id shared-dma-pool
[    0.000000] OF: reserved mem: 0x0000000058000000..0x000000006fffffff (393216 KiB) map reusable linux,cma
[    0.000000] OF: reserved mem: 0x0000000000000000..0x000000000007ffff (512 KiB) nomap non-reusable mmode_resv0@0
[    0.000000] OF: reserved mem: 0x0000000000100000..0x00000000002fffff (2048 KiB) nomap non-reusable rcpu_mem_heap@100000
[    0.000000] OF: reserved mem: 0x0000000000300000..0x0000000000302fff (12 KiB) nomap non-reusable vdev0vring0@300000
[    0.000000] OF: reserved mem: 0x0000000000303000..0x0000000000305fff (12 KiB) nomap non-reusable vdev0vring1@303000
[    0.000000] Reserved memory: created DMA memory pool at 0x0000000000306000, size 0 MiB
[    0.000000] OF: reserved mem: initialized node vdev0buffer@306000, compatible id shared-dma-pool
[    0.000000] OF: reserved mem: 0x0000000000306000..0x00000000003fbfff (984 KiB) nomap non-reusable vdev0buffer@306000
[    0.000000] OF: reserved mem: 0x00000000003fc000..0x00000000003fffff (16 KiB) nomap non-reusable rsc_table@3fc000
[    0.000000] OF: reserved mem: 0x0000000000400000..0x00000000005fffff (2048 KiB) nomap non-reusable rcpu_mem_0@400000
[    0.000000] Reserved memory: created DMA memory pool at 0x000000002ff40000, size 0 MiB
[    0.000000] OF: reserved mem: initialized node dpu_reserved@2ff40000, compatible id shared-dma-pool
[    0.000000] OF: reserved mem: 0x000000002ff40000..0x000000002fffffff (768 KiB) nomap non-reusable dpu_reserved@2ff40000
[    0.000000] OF: reserved mem: 0x000000007f000000..0x000000007fffffff (16384 KiB) map non-reusable framebuffer@7f000000
[    0.000000] Zone ranges:
[    0.000000]   DMA32    [mem 0x0000000000000000-0x000000007fffffff]
[    0.000000]   Normal   [mem 0x0000000080000000-0x000000027fffffff]
[    0.000000] Movable zone start for each node
[    0.000000] Early memory node ranges
[    0.000000]   node   0: [mem 0x0000000000000000-0x000000000007ffff]
[    0.000000]   node   0: [mem 0x0000000000080000-0x00000000000fffff]
[    0.000000]   node   0: [mem 0x0000000000100000-0x00000000005fffff]
[    0.000000]   node   0: [mem 0x0000000000600000-0x000000002ff3ffff]
[    0.000000]   node   0: [mem 0x000000002ff40000-0x000000002fffffff]
[    0.000000]   node   0: [mem 0x0000000030000000-0x000000007fffffff]
[    0.000000]   node   0: [mem 0x0000000100000000-0x000000027fffffff]
[    0.000000] Initmem setup node 0 [mem 0x0000000000000000-0x000000027fffffff]
[    0.000000] On node 0, zone Normal: 524288 pages in unavailable ranges
[    0.000000] SBI HSM extension detected
[    0.000000] riscv: base ISA extensions acdfimv
[    0.000000] riscv: ELF capabilities acdfimv
[    0.000000] percpu: Embedded 29 pages/cpu s80808 r8192 d29784 u118784
[    0.000000] pcpu-alloc: s80808 r8192 d29784 u118784 alloc=29*4096
[    0.000000] pcpu-alloc: [0] 0 [0] 1 [0] 2 [0] 3 [0] 4 [0] 5 [0] 6 [0] 7 
[    0.000000] Kernel command line: earlyprintk quiet splash plymouth.ignore-serial-consoles plymouth.prefer-fbcon clk_ignore_unused swiotlb=65536 workqueue.default_affinity_scope=system rootwait rootfstype=ext4 root=UUID=6309d3ac-07c4-42ff-977c-45829a59f6cb earlycon=sbi console=ttyS0,115200n8 loglevel=8 rdinit=/init
[    0.000000] Dentry cache hash table entries: 1048576 (order: 11, 8388608 bytes, linear)
[    0.000000] Inode-cache hash table entries: 524288 (order: 10, 4194304 bytes, linear)
[    0.000000] Built 1 zonelists, mobility grouping on.  Total pages: 2056192
[    0.000000] mem auto-init: stack:off, heap alloc:off, heap free:off
[    0.000000] software IO TLB: area num 8.
[    0.000000] software IO TLB: mapped [mem 0x00000000749d8000-0x000000007c9d8000] (128MB)
[    0.000000] Memory: 7607500K/8388608K available (16375K kernel code, 6936K rwdata, 8192K rodata, 2307K init, 591K bss, 387892K reserved, 393216K cma-reserved)
[    0.000000] SLUB: HWalign=64, Order=0-3, MinObjects=0, CPUs=8, Nodes=1
[    0.000000] 
[    0.000000] **********************************************************
[    0.000000] **   NOTICE NOTICE NOTICE NOTICE NOTICE NOTICE NOTICE   **
[    0.000000] **                                                      **
[    0.000000] ** trace_printk() being used. Allocating extra memory.  **
[    0.000000] **                                                      **
[    0.000000] ** This means that this is a DEBUG kernel and it is     **
[    0.000000] ** unsafe for production use.                           **
[    0.000000] **                                                      **
[    0.000000] ** If you see this message and you are not debugging    **
[    0.000000] ** the kernel, report this immediately to your vendor!  **
[    0.000000] **                                                      **
[    0.000000] **   NOTICE NOTICE NOTICE NOTICE NOTICE NOTICE NOTICE   **
[    0.000000] **********************************************************
[    0.000000] trace event string verifier disabled
[    0.000000] rcu: Preemptible hierarchical RCU implementation.
[    0.000000] 	Trampoline variant of Tasks RCU enabled.
[    0.000000] 	Tracing variant of Tasks RCU enabled.
[    0.000000] rcu: RCU calculated value of scheduler-enlistment delay is 25 jiffies.
[    0.000000] NR_IRQS: 64, nr_irqs: 64, preallocated irqs: 0
[    0.000000] riscv-intc: 64 local interrupts mapped
[    0.000000] plic: interrupt-controller@e0000000: mapped 159 interrupts with 8 handlers for 16 contexts.
[    0.000000] riscv: providing IPIs using SBI IPI extension
[    0.000000] rcu: srcu_init: Setting srcu_struct sizes based on contention.
[    0.000000] riscv-timer: Timer interrupt in S-mode is available via sstc extension
[    0.000000] clocksource: riscv_clocksource: mask: 0xffffffffffffffff max_cycles: 0x588fe9dc0, max_idle_ns: 440795202592 ns
[    0.000001] sched_clock: 64 bits at 24MHz, resolution 41ns, wraps every 4398046511097ns
[    0.008308] Console: colour dummy device 80x25
[    0.012494] Calibrating delay loop (skipped), value calculated using timer frequency.. 48.00 BogoMIPS (lpj=96000)
[    0.022663] pid_max: default: 32768 minimum: 301
[    0.027334] LSM: initializing lsm=capability,landlock,apparmor,integrity
[    0.033996] landlock: Up and running.
[    0.037656] AppArmor: AppArmor initialized
[    0.041770] Mount-cache hash table entries: 16384 (order: 5, 131072 bytes, linear)
[    0.049246] Mountpoint-cache hash table entries: 16384 (order: 5, 131072 bytes, linear)
[    0.059170] RCU Tasks: Setting shift to 3 and lim to 1 rcu_task_cb_adjust=1 rcu_task_cpu_ids=8.
[    0.066011] RCU Tasks Trace: Setting shift to 3 and lim to 1 rcu_task_cb_adjust=1 rcu_task_cpu_ids=8.
[    0.075163] riscv: ELF compat mode unsupported
[    0.075190] ASID allocator using 16 bits (65536 entries)
[    0.084915] rcu: Hierarchical SRCU implementation.
[    0.089589] rcu: 	Max phase no-delay instances is 1000.
[    0.095330] EFI services will not be available.
[    0.099908] smp: Bringing up secondary CPUs ...
[    0.110707] smp: Brought up 1 node, 8 CPUs
[    0.114953] devtmpfs: initialized
[    0.126535] clocksource: jiffies: mask: 0xffffffff max_cycles: 0xffffffff, max_idle_ns: 7645041785100000 ns
[    0.133376] futex hash table entries: 2048 (order: 5, 131072 bytes, linear)
[    0.144701] pinctrl core: initialized pinctrl subsystem
[    0.149011] NET: Registered PF_NETLINK/PF_ROUTE protocol family
[    0.153876] DMA: preallocated 1024 KiB GFP_KERNEL pool for atomic allocations
[    0.160228] DMA: preallocated 1024 KiB GFP_KERNEL|GFP_DMA32 pool for atomic allocations
[    0.168051] audit: initializing netlink subsys (disabled)
[    0.173564] audit: type=2000 audit(0.112:1): state=initialized audit_enabled=0 res=1
[    0.173803] display class register
[    0.184659] thermal_sys: Registered thermal governor 'step_wise'
[    0.184704] cpuidle: using governor menu
[    0.218514] cpu6: Ratio of byte access time to unaligned word access is 1.58, unaligned accesses are fast
[    0.218523] cpu5: Ratio of byte access time to unaligned word access is 2.11, unaligned accesses are fast
[    0.218523] cpu7: Ratio of byte access time to unaligned word access is 1.85, unaligned accesses are fast
[    0.218523] cpu1: Ratio of byte access time to unaligned word access is 3.32, unaligned accesses are fast
[    0.218523] cpu3: Ratio of byte access time to unaligned word access is 2.70, unaligned accesses are fast
[    0.218524] cpu4: Ratio of byte access time to unaligned word access is 2.43, unaligned accesses are fast
[    0.218523] cpu2: Ratio of byte access time to unaligned word access is 3.62, unaligned accesses are fast
[    0.302580] cpu0: Ratio of byte access time to unaligned word access is 10.12, unaligned accesses are fast
[    0.309306] The real ratio of byte access time to unaligned word access should refer to the value of CPU0
[    0.318840] Cpu0 unaligned access is more efficient than nonboot cores, because of system bandwidth preemption.
[    0.328906] Nonboot cpus' unaligned access ratio measured simultaneously, but cpu0's measure is separately
[    0.338556] suspend: SBI SUSP extension detected
[    0.347885] platform soc: Fixed dependency cycle(s) with /soc/hdmi@C0400500
[    0.353496] platform d401e000.pinctrl: Fixed dependency cycle(s) with /soc/interrupt-controller@e0000000
[    0.361430] platform d401e000.pinctrl: Fixed dependency cycle(s) with /soc/reset-controller@d4050000
[    0.370508] platform d401e000.pinctrl: Fixed dependency cycle(s) with /soc/clock-controller@d4050000
[    0.381729] pinctrl-single d401e000.pinctrl: 159 pins, size 636
[    0.394756] platform soc: Fixed dependency cycle(s) with /soc/hdmi@C0400500
[    0.398872] platform c0400500.hdmi: Fixed dependency cycle(s) with /soc
[    0.405464] platform c0400500.hdmi: Fixed dependency cycle(s) with /soc/reset-controller@d4050000
[    0.414245] platform c0400500.hdmi: Fixed dependency cycle(s) with /soc/clock-controller@d4050000
[    0.423098] platform c0400500.hdmi: Fixed dependency cycle(s) with /soc/interrupt-controller@e0000000
[    0.437667] HugeTLB: registered 1.00 GiB page size, pre-allocated 0 pages
[    0.441537] HugeTLB: 0 KiB vmemmap can be freed for a 1.00 GiB page
[    0.447776] HugeTLB: registered 64.0 KiB page size, pre-allocated 0 pages
[    0.454540] HugeTLB: 0 KiB vmemmap can be freed for a 64.0 KiB page
[    0.460791] HugeTLB: registered 2.00 MiB page size, pre-allocated 0 pages
[    0.467561] HugeTLB: 0 KiB vmemmap can be freed for a 2.00 MiB page
[    0.475322] gpio gpiochip0: Static allocation of GPIO base is deprecated, use dynamic allocation.
[    0.484401] mmp-pdma d4000000.pdma: PM domain power-domain@SPT_PD_BUS will not be powered off
[    0.488344] SCSI subsystem initialized
[    0.495093] libata version 3.00 loaded.
[    0.498875] usbcore: registered new interface driver usbfs
[    0.504217] usbcore: registered new interface driver hub
[    0.509519] usbcore: registered new device driver usb
[    0.516840] i2c 8-0041: Fixed dependency cycle(s) with /soc/i2c@d401d800/spm8821@41/regulators/DCDC_REG5
[    0.539529] spacemit-regulator spacemit-regulator@spm8821: DMA mask not set
[    0.541591] raid6: int64x8  gen()  1084 MB/s
[    0.590699] spacemit-pmic 8-0041: Fixed dependency cycle(s) with /soc/i2c@d401d800/spm8821@41/regulators
[    0.598093] mc: Linux media interface: v0.10
[    0.601678] videodev: Linux video capture interface: v2.00
[    0.607109] pps_core: LinuxPPS API ver. 1 registered
[    0.611922] pps_core: Software ver. 5.3.6 - Copyright 2005-2007 Rodolfo Giometti <giometti@linux.it>
[    0.613707] raid6: int64x4  gen()  1756 MB/s
[    0.621044] PTP clock support registered
[    0.621699] Advanced Linux Sound Architecture Driver Initialized.
[    0.635834] NET: Registered PF_INET protocol family
[    0.640424] IP idents hash table entries: 131072 (order: 8, 1048576 bytes, linear)
[    0.652450] tcp_listen_portaddr_hash hash table entries: 4096 (order: 4, 65536 bytes, linear)
[    0.658161] Table-perturb hash table entries: 65536 (order: 6, 262144 bytes, linear)
[    0.665826] TCP established hash table entries: 65536 (order: 7, 524288 bytes, linear)
[    0.673983] TCP bind hash table entries: 65536 (order: 9, 2097152 bytes, linear)
[    0.682968] TCP: Hash tables configured (established 65536 bind 65536)
[    0.687894] MPTCP token hash table entries: 8192 (order: 5, 196608 bytes, linear)
[    0.689843] raid6: int64x2  gen()  1636 MB/s
[    0.695190] UDP hash table entries: 4096 (order: 5, 131072 bytes, linear)
[    0.706119] UDP-Lite hash table entries: 4096 (order: 5, 131072 bytes, linear)
[    0.713501] Bluetooth: Core ver 2.22
[    0.716875] NET: Registered PF_BLUETOOTH protocol family
[    0.722115] Bluetooth: HCI device and connection manager initialized
[    0.728451] Bluetooth: HCI socket layer initialized
[    0.733310] Bluetooth: L2CAP socket layer initialized
[    0.738354] Bluetooth: SCO socket layer initialized
[    0.743506] mctp: management component transport protocol core
[    0.749023] NET: Registered PF_MCTP protocol family
[    0.753996] vgaarb: loaded
[    0.765965] raid6: int64x1  gen()  1361 MB/s
[    0.765966] clocksource: Switched to clocksource riscv_clocksource
[    0.765972] raid6: using algorithm int64x4 gen() 1756 MB/s
[    0.767664] VFS: Disk quotas dquot_6.6.0
[    0.783061] VFS: Dquot-cache hash table entries: 512 (order 0, 4096 bytes)
[    0.790206] AppArmor: AppArmor Filesystem Enabled
[    0.801366] NET: Registered PF_UNIX/PF_LOCAL protocol family
[    0.806432] RPC: Registered named UNIX socket transport module.
[    0.809999] RPC: Registered udp transport module.
[    0.814681] RPC: Registered tcp transport module.
[    0.819367] RPC: Registered tcp-with-tls transport module.
[    0.824838] RPC: Registered tcp NFSv4.1 backchannel transport module.
[    0.832106] NET: Registered PF_XDP protocol family
[    0.836051] PCI: CLS 0 bytes, default 64
[    0.837964] raid6: .... xor() 858 MB/s, rmw enabled
[    0.840369] Unpacking initramfs...
[    0.841014] Initialise system trusted keyrings
[    0.841272] workingset: timestamp_bits=46 max_order=21 bucket_order=0
[    0.842667] NFS: Registering the id_resolver key type
[    0.842696] Key type id_resolver registered
[    0.842700] Key type id_legacy registered
[    0.842721] nfs4filelayout_init: NFSv4 File Layout Driver Registering...
[    0.842733] nfs4flexfilelayout_init: NFSv4 Flexfile Layout Driver Registering...
[    0.844819] raid6: using intx1 recovery algorithm
[    1.467568] Freeing initrd memory: 20016K
[    1.487728] Key type cifs.spnego registered
[    1.489039] Key type cifs.idmap registered
[    1.493311] ntfs: driver 2.1.32 [Flags: R/W].
[    1.497469] ntfs3: Enabled Linux POSIX ACLs support
[    1.502271] ntfs3: Read-only LZX/Xpress compression included
[    1.507938] fuse: init (API version 7.39)
[    1.534209] jitterentropy: Initialization failed with host not compliant with requirements: 9
[    1.539798] xor: measuring software checksum speed
[    1.545261]    8regs           :  4732 MB/sec
[    1.549598]    32regs          :  4765 MB/sec
[    1.553829]    rvv             :  5670 MB/sec
[    1.557589] xor: using function: rvv (5670 MB/sec)
[    1.562366] async_tx: api initialized (async)
[    1.566714] Key type asymmetric registered
[    1.570785] Asymmetric key parser 'x509' registered
[    1.575914] io scheduler mq-deadline registered
[    1.580169] io scheduler kyber registered
[    1.584195] io scheduler bfq registered
[    1.589880] spacemit-pmic-pinctrl spacemit-pinctrl@spm8821: DMA mask not set
[    1.598745] k1x-dwc-pcie ca400000.pcie: has no power on gpio.
[    1.603750] k1x-dwc-pcie ca400000.pcie: host bridge /soc/pcie@ca400000 ranges:
[    1.608805] k1x-dwc-pcie ca400000.pcie:       IO 0x009f002000..0x009f101fff -> 0x009f002000
[    1.617112] k1x-dwc-pcie ca400000.pcie:      MEM 0x0090000000..0x009effffff -> 0x0090000000
[    1.725509] k1x-dwc-pcie ca400000.pcie: iATU: unroll T, 8 ob, 8 ib, align 4K, limit 4G
[    2.730651] k1x-dwc-pcie ca400000.pcie: Phy link never came up
[    2.733906] k1x-dwc-pcie ca400000.pcie: PCI host bridge to bus 0001:00
[    2.740148] pci_bus 0001:00: root bus resource [bus 00-ff]
[    2.745522] pci_bus 0001:00: root bus resource [io  0x0000-0xfffff] (bus address [0x9f002000-0x9f101fff])
[    2.755065] pci_bus 0001:00: root bus resource [mem 0x90000000-0x9effffff]
[    2.761947] pci 0001:00:00.0: [201f:0001] type 01 class 0x060400
[    2.767922] pci 0001:00:00.0: reg 0x10: [mem 0x00000000-0x000fffff]
[    2.774164] pci 0001:00:00.0: reg 0x14: [mem 0x00000000-0x000fffff]
[    2.780463] pci 0001:00:00.0: supports D1
[    2.784405] pci 0001:00:00.0: PME# supported from D0 D1 D3hot D3cold
[    2.794164] pci_bus 0001:01: busn_res: [bus 01-ff] end is updated to 01
[    2.797865] pci 0001:00:00.0: BAR 0: assigned [mem 0x90000000-0x900fffff]
[    2.804634] pci 0001:00:00.0: BAR 1: assigned [mem 0x90100000-0x901fffff]
[    2.811395] pci 0001:00:00.0: PCI bridge to [bus 01]
[    2.818159] pcieport 0001:00:00.0: PME: Signaling with IRQ 65
[    2.822440] pcieport 0001:00:00.0: AER: enabled with IRQ 65
[    2.828175] k1x-dwc-pcie ca800000.pcie: has no power on gpio.
[    2.835793] k1x-dwc-pcie ca800000.pcie: host bridge /soc/pcie@ca800000 ranges:
[    2.840590] k1x-dwc-pcie ca800000.pcie:       IO 0x00b7002000..0x00b7101fff -> 0x00b7002000
[    2.848908] k1x-dwc-pcie ca800000.pcie:      MEM 0x00a0000000..0x00b6ffffff -> 0x00a0000000
[    2.957314] k1x-dwc-pcie ca800000.pcie: iATU: unroll T, 8 ob, 8 ib, align 4K, limit 4G
[    3.962413] k1x-dwc-pcie ca800000.pcie: Phy link never came up
[    3.965401] k1x-dwc-pcie ca800000.pcie: PCI host bridge to bus 0002:00
[    3.971851] pci_bus 0002:00: root bus resource [bus 00-ff]
[    3.977282] pci_bus 0002:00: root bus resource [io  0x100000-0x1fffff] (bus address [0xb7002000-0xb7101fff])
[    3.987086] pci_bus 0002:00: root bus resource [mem 0xa0000000-0xb6ffffff]
[    3.993972] pci 0002:00:00.0: [201f:0001] type 01 class 0x060400
[    3.999944] pci 0002:00:00.0: reg 0x10: [mem 0x00000000-0x000fffff]
[    4.006186] pci 0002:00:00.0: reg 0x14: [mem 0x00000000-0x000fffff]
[    4.012481] pci 0002:00:00.0: supports D1
[    4.016427] pci 0002:00:00.0: PME# supported from D0 D1 D3hot D3cold
[    4.026226] pci_bus 0002:01: busn_res: [bus 01-ff] end is updated to 01
[    4.029921] pci 0002:00:00.0: BAR 0: assigned [mem 0xa0000000-0xa00fffff]
[    4.036690] pci 0002:00:00.0: BAR 1: assigned [mem 0xa0100000-0xa01fffff]
[    4.043458] pci 0002:00:00.0: PCI bridge to [bus 01]
[    4.050305] pcieport 0002:00:00.0: PME: Signaling with IRQ 69
[    4.054412] pcieport 0002:00:00.0: AER: enabled with IRQ 69
[    4.066480] [ddrbw] MAJOR is 243
[    4.066769] [ddrbw] MINOR is 0
[    4.070847] d4017000.serial: ttyS0 at MMIO 0xd4017000 (irq = 73, base_baud = 921250) is a UART1
[    4.078762] printk: console [ttyS0] enabled
[    4.078762] printk: console [ttyS0] enabled
[    4.086930] printk: bootconsole [sbi0] disabled
[    4.086930] printk: bootconsole [sbi0] disabled
[    4.099032] d4017100.uart: ttyS2 at MMIO 0xd4017100 (irq = 74, base_baud = 3600000) is a UART3
[    4.110989] spacemit_hwcrng f0703800.crng: registered RNG driver
[    4.112088] random: crng init done
[    4.140755] PVR_K:  1: Read BVNC 36.29.52.182 from HW device registers
[    4.147487] PVR_K:  1: RGX Device registered BVNC 36.29.52.182 with 1 core in the system
[    4.156377] [drm] Initialized pvr 24.2.6603887 20170530 for cac00000.imggpu on minor 0
[    4.170944] loop: module loaded
[    4.176379] Rounding down aligned max_sectors from 4294967295 to 4294967288
[    4.183676] db_root: cannot open: /etc/target
[    4.189076] k1x-qspi d420c000.spi: config mfp for cs:[0]
[    4.194638] k1x-qspi d420c000.spi: AHB buf size: 512
[    4.200085] spi-nor spi4.0: unrecognized JEDEC id bytes: 00 00 00 00 00 00
[    4.207080] k1x-qspi d420c000.spi: Runtime PM usage count underflow!
[    4.214513] tun: Universal TUN/TAP device driver, 1.6
[    4.219929] CAN device driver interface
[    4.500098] PPP generic driver version 2.4.2
[    4.504781] usbcore: registered new interface driver cdc_ether
[    4.510742] usbcore: registered new interface driver cdc_subset
[    4.516753] usbcore: registered new interface driver zaurus
[    4.522680] mv-usb2-phy c0940000.usbphy: phy-k1x-ci-usb2: will select HS parallel data path
[    4.531283] mv-usb2-phy c09c0000.usbphy1: phy-k1x-ci-usb2: will select HS parallel data path
[    4.539905] mv-usb2-phy c0a30000.usb2phy: phy-k1x-ci-usb2: will select HS parallel data path
[    4.549519] spacemit-k1x-combphy c0b10000.phy: USB3 PHY init.
[    4.555354] spacemit-k1x-combphy c0b10000.phy: USB3 PHY init lfps thres 3
[    4.564066] mv-ehci mv-ehci1: Spacemit EHCI
[    4.568365] mv-ehci mv-ehci1: new USB bus registered, assigned bus number 1
[    4.575563] mv-ehci mv-ehci1: irq 81, io mem 0xc0980100
[    4.593967] mv-ehci mv-ehci1: USB 2.0 started, EHCI 1.00
[    4.599992] hub 1-0:1.0: USB hub found
[    4.603819] hub 1-0:1.0: 1 port detected
[    4.608810] xhci-hcd xhci-hcd.0.auto: xHCI Host Controller
[    4.614408] xhci-hcd xhci-hcd.0.auto: new USB bus registered, assigned bus number 2
[    4.622365] xhci-hcd xhci-hcd.0.auto: hcc params 0x0220fe6d hci version 0x110 quirks 0x0000008000000090
[    4.632478] xhci-hcd xhci-hcd.0.auto: irq 80, io mem 0xc0a00000
[    4.638608] xhci-hcd xhci-hcd.0.auto: xHCI Host Controller
[    4.644184] xhci-hcd xhci-hcd.0.auto: new USB bus registered, assigned bus number 3
[    4.651951] xhci-hcd xhci-hcd.0.auto: Host supports USB 3.0 SuperSpeed
[    4.659141] hub 2-0:1.0: USB hub found
[    4.662970] hub 2-0:1.0: 1 port detected
[    4.667251] usb usb3: We don't know the algorithms for LPM for this host, disabling LPM.
[    4.675870] hub 3-0:1.0: USB hub found
[    4.679695] hub 3-0:1.0: 1 port detected
[    4.684216] usbcore: registered new interface driver uas
[    4.689653] usbcore: registered new interface driver usb-storage
[    4.696020] spacemit-usb3-hub soc:usb3hub@0: v1.0.2
[    4.905967] spacemit-usb3-hub soc:usb3hub@0: onboard usb hub driver probed, hub configured
[    4.914840] mv-udc c0900100.udc: mv_udc_probe enter ...Driver: v2
[    4.921298] mv-udc mv-udc:  use 32bit DMA mask
[    4.926024] mv-udc mv-udc: dqh size = 0x800  udc->ep_dqh_dma = 0x7d00a000
[    4.933343] mv-udc mv-udc: successful probe UDC device without clock gating.
[    4.940668] f_tcm: UAS support multiple cmds
[    4.945338] Gt9xx driver installing..
[    4.949146] <I>CTS-SPIDrv Chipone touch driver init, version: v3.7.0-sz
[    4.955848] <I>CTS-SPIDrv  - Register spi driver
[    4.960638] <I>CTS-SPIDrv  - Register touch driver successfully
[    4.967006] spacemit-pmic-pwrkey spacemit-pwrkey@spm8821: DMA mask not set
[    5.025752] input: spacemit pwrkey as /devices/platform/soc/d401d800.i2c/i2c-8/8-0041/spacemit-pwrkey@spm8821/input/input0
[    5.037783] spacemit-pmic-rtc spacemit-rtc@spm8821: DMA mask not set
[    5.070883] spacemit-pmic-rtc spacemit-rtc@spm8821: registered as rtc0
[    5.082745] spacemit-pmic-rtc spacemit-rtc@spm8821: setting system clock to 2000-01-01T00:00:00 UTC (946684800)
[    5.094246] i2c_dev: i2c /dev entries driver
[    5.101162] MVX dev: Linlon v5276 identified. cores=2, nlsid=4, id=0, fuse=00000000, hw_id=00005276, hw_rev=00000050
[    5.112969] d420a000.csiphy begin to probe
[    5.117205] d420a000.csiphy probed
[    5.117299] d4206000.csiphy begin to probe
[    5.124918] d4206000.csiphy probed
[    5.125886] d420a000.ccic probed in k1x_ccic_probe
[    5.130230] d420a800.ccic probed in k1x_ccic_probe
[    5.135714] d4206000.ccic probed in k1x_ccic_probe
[    5.147060] acquire ccic0 ctrl dev succeed
[    5.156122] acquire ccic1 ctrl dev succeed
[    5.160318] acquire ccic2 ctrl dev succeed
[    5.169324] vcam_inf: svivi_probe 1115: svivi probe ok.
[    5.174755] usbcore: registered new interface driver uvcvideo
[    5.184793] device-mapper: core: CONFIG_IMA_DISABLE_HTABLE is disabled. Duplicate IMA measurements will not be recorded in the IMA log.
[    5.197170] device-mapper: uevent: version 1.0.3
[    5.202096] device-mapper: ioctl: 4.48.0-ioctl (2023-03-01) initialised: dm-devel@redhat.com
[    5.211114] device-mapper: multipath round-robin: version 1.2.0 loaded
[    5.217744] device-mapper: multipath queue-length: version 0.2.0 loaded
[    5.224444] device-mapper: multipath service-time: version 0.3.0 loaded
[    5.231140] device-mapper: multipath historical-service-time: version 0.1.1 loaded
[    5.238856] Bluetooth: HCI UART driver ver 2.3
[    5.243365] Bluetooth: HCI UART protocol H4 registered
[    5.248606] Bluetooth: HCI UART protocol Three-wire (H5) registered
[    5.257873] sdhci: Secure Digital Host Controller Interface driver
[    5.264177] sdhci: Copyright(c) Pierre Ossman
[    5.268582] sdhci-pltfm: SDHCI platform and OF driver helper
[    5.274879] sdhci-spacemit d4280000.sdh: Got CD GPIO
[    5.316051] mmc0: SDHCI controller on d4280000.sdh [d4280000.sdh] using ADMA
[    5.350500] mmc1: SDHCI controller on d4280800.sdh [d4280800.sdh] using ADMA
[    5.357620] sdio: save sdio_host <- 00000000ed97e1f7
[    5.452524] mmc2: new HS400 Enhanced strobe MMC card at address 0001
[    5.459542] mmcblk2: mmc2:0001 BJTD4R 29.1 GiB
[    5.467117]  mmcblk2: p1 p2 p3 p4 p5 p6
[    5.472055] mmcblk2boot0: mmc2:0001 BJTD4R 4.00 MiB
[    5.478101] mmcblk2boot1: mmc2:0001 BJTD4R 4.00 MiB
[    5.483879] mmcblk2rpmb: mmc2:0001 BJTD4R 4.00 MiB, chardev (239:0)
[    5.490283] mmc2: SDHCI controller on d4281000.sdh [d4281000.sdh] using ADMA
[    5.499850] hid: raw HID events driver (C) Jiri Kosina
[    5.505359] usbcore: registered new interface driver usbhid
[    5.510989] usbhid: USB HID core driver
[    5.516285] remoteproc remoteproc0: rcpu_rproc is available
[    5.526075] remoteproc remoteproc0: powering up rcpu_rproc
[    5.535664] remoteproc remoteproc0: Booting fw image esos.elf, size 290248
[    5.543016] rproc-virtio rproc-virtio.2.auto: Failed to set DMA mask 3fffffff. Trying to continue... (-EIO)
[    5.558373] the firmare version id is:k1-x:22a8416f07c2
[    5.563653] rproc-virtio rproc-virtio.2.auto: vdev 0 buffer already mapped
[    5.570002] usb 2-1: new high-speed USB device number 2 using xhci-hcd
[    5.669296] virtio_rpmsg_bus virtio0: rpmsg host is online
[    5.669703] virtio_rpmsg_bus virtio0: creating channel rcpu-pwr-management-service addr 0x400
[    5.674883] rproc-virtio rproc-virtio.2.auto: registered virtio0 (type 7)
[    5.683622] virtio_rpmsg_bus virtio0: creating channel i2c-service addr 0x401
[    5.690323] remoteproc remoteproc0: remote processor rcpu_rproc is now up
[    5.697612] i2c_k1x virtio0.i2c-service.-1.1025: new channel: 0x400 -> 0x401!
[    5.704685] k1x_rproc virtio0.rcpu-pwr-management-service.-1.1024: new channel: 0x401 -> 0x400!
[    5.712956] virtio_rpmsg_bus virtio0: creating channel rir-service addr 0x402
[    5.721001] spacemit-pmic-adc spacemit-adc@spm8821: DMA mask not set
[    5.727663] ir_spacemit virtio0.rir-service.-1.1026: new channel: 0x402 -> 0x402!
[    5.741776] virtio_rpmsg_bus virtio0: creating channel ruart-service0 addr 0x403
[    5.749372] pxa_k1x virtio0.ruart-service0.-1.1027: new channel: 0x403 -> 0x403!
[    5.749660] riscv-pmu-sbi: SBI PMU extension is available
[    5.757040] virtio_rpmsg_bus virtio0: creating channel ruart-service1 addr 0x404
[    5.762298] riscv-pmu-sbi: 16 firmware and 18 hardware counters
[    5.769814] pxa_k1x virtio0.ruart-service1.-1.1028: new channel: 0x404 -> 0x404!
[    5.778899] hub 2-1:1.0: USB hub found
[    5.783394] virtio_rpmsg_bus virtio0: creating channel adma-service addr 0x405
[    5.787149] hub 2-1:1.0: 5 ports detected
[    5.794367] adma_spacemit virtio0.adma-service.-1.1029: new channel: 0x405 -> 0x405!
[    5.798774] usbcore: registered new interface driver snd-usb-audio
[    5.806666] Connection create success
[    5.813354] es8326 2-0019: Can not read property hp-detect-gpio
[    5.822063] es8326 2-0019: Can not read property mic-detect-gpio
[    5.828131] es8326 2-0019: assuming static mclk
[    5.834239] NET: Registered PF_INET6 protocol family
[    5.866738] Segment Routing with IPv6
[    5.870508] In-situ OAM (IOAM) with IPv6
[    5.873750] usb 3-1: new SuperSpeed USB device number 2 using xhci-hcd
[    5.874563] NET: Registered PF_PACKET protocol family
[    5.886132] can: controller area network core
[    5.890566] NET: Registered PF_CAN protocol family
[    5.895403] can: raw protocol
[    5.898387] can: broadcast manager protocol
[    5.902609] can: netlink gateway - max_hops=1
[    5.907221] Bluetooth: RFCOMM TTY layer initialized
[    5.912162] Bluetooth: RFCOMM socket layer initialized
[    5.917388] Bluetooth: RFCOMM ver 1.11
[    5.921185] Bluetooth: BNEP (Ethernet Emulation) ver 1.3
[    5.926548] Bluetooth: BNEP filters: protocol multicast
[    5.931807] Bluetooth: BNEP socket layer initialized
[    5.936808] Bluetooth: HIDP (Human Interface Emulation) ver 1.2
[    5.942772] Bluetooth: HIDP socket layer initialized
[    5.947992] Key type dns_resolver registered
[    5.962138] registered taskstats version 1
[    5.966527] Loading compiled-in X.509 certificates
[    5.978707] Key type .fscrypt registered
[    5.982701] Key type fscrypt-provisioning registered
[    5.988480] AppArmor: AppArmor sha1 policy hashing enabled
[    5.994061] ima: No TPM chip found, activating TPM-bypass!
[    5.999594] Loading compiled-in module X.509 certificates
[    6.007587] Loaded X.509 cert 'Build time autogenerated kernel key: 8b54714d4ca3536db19a47c4f78b42e26445d735'
[    6.018638] ima: Allocated hash algorithm: sha1
[    6.018921] hub 3-1:1.0: USB hub found
[    6.023279] ima: No architecture policies found
[    6.027190] hub 3-1:1.0: 4 ports detected
[    6.042632] suspend: SBI SUSP extension detected
[    6.048490] [drm] spacemit_dpu_bind()
[    6.052544] spacemit-dpu-drv soc:port@c0440000: assigned reserved memory node dpu_reserved@2ff40000
[    6.062091] [drm] dpu plane init ok
[    6.065617] spacemit-drm-drv c0440000.display-subsystem-hdmi: bound soc:port@c0440000 (ops dpu_component_ops)
[    6.075952] spacemit-drm-drv c0440000.display-subsystem-hdmi: bound c0400500.hdmi (ops spacemit_hdmi_ops)
[    6.086166] [drm] Initialized spacemit 1.0.0 20231115 for c0440000.display-subsystem-hdmi on minor 1
[    6.095418] [drm] spacemit_hdmi_connector_detect() hdmi status disconnected
[    6.102470] spacemit-drm-drv c0440000.display-subsystem-hdmi: [drm] Cannot find any crtc or sizes
[    6.111531] [drm] spacemit_hdmi_connector_detect() hdmi status disconnected
[    6.118582] spacemit-drm-drv c0440000.display-subsystem-hdmi: [drm] Cannot find any crtc or sizes
[    6.119080] spacemit-socinfo soc:socinfo@0: Spacemit: CPU[K1-6370] REV[C] DRO[124] Detected
[    6.138985] cam_inf:snr (cam_sensor_probe 1555): camera sensor0 probed
[    6.146322] enter spacemit_snd_sspa_pdev_probe
[    6.557986] usb 2-1.5: new high-speed USB device number 3 using xhci-hcd
[    6.793394] input: snd-es8326 Headset Jack as /devices/platform/snd-card@1/sound/card1/input1
[    6.802468] cfg80211: Loading compiled-in X.509 certificates for regulatory database
[    6.811417] Loaded X.509 cert 'sforshee: 00b28ddf47aef9cea7'
[    6.817838] Loaded X.509 cert 'wens: 61c038651aabdcf94bd0ac7ff06c7248db18c600'
[    6.826039] clk: Not disabling unused clocks
[    6.830378] ALSA device list:
[    6.833355]   #1: snd-es8326
[    6.837187] Freeing unused kernel image (initmem) memory: 2304K
[    6.845924] Checked W+X mappings: passed, no W+X pages found
[    6.851702] Run /init as init process
[    6.855369]   with arguments:
[    6.858361]     /init
[    6.860650]   with environment:
[    6.863811]     HOME=/
[    6.866175]     TERM=linux
[    7.110211] codec got the chain event: HEADSET_EVENT_DISCONNECTED
[    7.449003] k1x_emac cac80000.ethernet end0: renamed from eth0
[    7.513693] k1x_emac cac81000.ethernet end1: renamed from eth1
[    9.347955] EXT4-fs (mmcblk2p6): mounted filesystem 6309d3ac-07c4-42ff-977c-45829a59f6cb ro with ordered data mode. Quota mode: none.
